Command: vcs -R -full64 -sverilog tb.sv JAM.v +access+r +vcs+fsdbon -l jam.rtl.log \

*** Using c compiler gcc instead of cc ...
                         Chronologic VCS (TM)
         Version U-2023.03_Full64 -- Tue Feb 25 22:10:39 2025

                    Copyright (c) 1991 - 2023 Synopsys, Inc.
   This software and the associated documentation are proprietary to Synopsys,
 Inc. This software may only be used in accordance with the terms and conditions
 of a written license agreement with Synopsys, Inc. All other use, reproduction,
   or distribution of this software is strictly prohibited.  Licensed Products
     communicate with Synopsys servers for the purpose of providing software
    updates, detecting software piracy and verifying that customers are using
    Licensed Products in conformity with the applicable License Key for such
  Licensed Products. Synopsys will use information gathered in connection with
    this process to deliver software updates and pursue software pirates and
                                   infringers.

 Inclusivity & Diversity - Visit SolvNetPlus to read the "Synopsys Statement on
            Inclusivity and Diversity" (Refer to article 000036315 at
                        https://solvnetplus.synopsys.com)

Parsing design file 'tb.sv'
Parsing design file 'JAM.v'
Top Level Modules:
       testfixture
TimeScale is 1 ns / 10 ps
Starting vcs inline pass...

1 module and 0 UDP read.
	However, due to incremental compilation, no re-compilation is necessary.
rm -f _cuarc*.so _csrc*.so pre_vcsobj_*.so share_vcsobj_*.so
if [ -x ../simv ]; then chmod a-x ../simv; fi
g++  -o ../simv      -rdynamic  -Wl,-rpath='$ORIGIN'/simv.daidir -Wl,-rpath=./simv.daidir \
-Wl,-rpath=/usr/cad/synopsys/vcs/2023.03/linux64/lib -L/usr/cad/synopsys/vcs/2023.03/linux64/lib \
-Wl,-rpath-link=./  /usr/lib64/libnuma.so.1   objs/amcQw_d.o  _123182_archive_1.so \
_prev_archive_1.so  SIM_l.o      rmapats_mop.o rmapats.o rmar.o rmar_nd.o  rmar_llvm_0_1.o \
rmar_llvm_0_0.o            -lvirsim -lerrorinf -lsnpsmalloc -lvfs    -lvcsnew -lsimprofile \
-luclinative /usr/cad/synopsys/vcs/2023.03/linux64/lib/vcs_tls.o   -Wl,-whole-archive \
-lvcsucli    -Wl,-no-whole-archive       _vcs_pli_stub_.o   /usr/cad/synopsys/vcs/2023.03/linux64/lib/vcs_save_restore_new.o \
/usr/cad/synopsys/verdi/./2019.06/share/PLI/VCS/LINUX64/pli.a -ldl  -lc -lm -lpthread \
-ldl 
../simv up to date
Command: /disk2/others/dsd_310591036/ic_contest/2022_grad_cell/./simv +access+r -a jam.rtl.log
Chronologic VCS simulator copyright 1991-2023
Contains Synopsys proprietary information.
Compiler version U-2023.03_Full64; Runtime version U-2023.03_Full64;  Feb 25 22:10 2025
*Verdi* Loading libsscore_vcs201906.so
FSDB Dumper for VCS, Release Verdi_P-2019.06, Linux x86_64/64bit, 05/26/2019
(C) 1996 - 2019 by Synopsys, Inc.
***********************************************************************
*  ERROR -                                                            *
*  The simulator version is newer than the FSDB dumper version which  *
*  may cause abnormal behavior, please contact Synopsys support for   *
*  assistance.                                                        *
***********************************************************************
*Verdi* FSDB WARNING: The FSDB file already exists. Overwriting the FSDB file may crash the programs that are using this file.
*Verdi* : Create FSDB file 'novas.fsdb'
*Verdi* : Begin traversing the scopes, layer (0).
*Verdi* : End of traversing.
*Verdi* FSDB WARNING: The FSDB file already exists. Overwriting the FSDB file may crash the programs that are using this file.
*Verdi* : Create FSDB file 'JAM.fsdb'
*Verdi* : Begin traversing the scopes, layer (0).
*Verdi* : Enable +mda dumping.
*Verdi* : End of traversing.
*Verdi* : Begin traversing the MDAs, layer (0).
*Verdi* : Enable +mda and +packedmda dumping.
*Verdi* : End of traversing the MDAs.
*******************************
** Simulation Start          **
*******************************
PATTERN:   1
-------------- Cost Table --------------
Jobs       0   1   2   3   4   5   6   7
worker0:  11  25  53  41  59  32  25  59
worker1:   4  11  25  11  59  31  53  11
worker2:  11  59  15  11  15  15  53  53
worker3:   4  59  32  34  53  41  34  59
worker4:  15  32  41  34   4  59  34  32
worker5:  41  59  59   4   4  41  34  34
worker6:  53  31  25  41  59  32  31  53
worker7:  11  31  25  11  34  34  53  32
----------------------------------------------------------------------
Get Valid at cycle:    403207
receive MinCost/MatchCount=  119/ 3 , golden MinCost/MatchCount= 119/ 3
----------------------------------------------------------------------
*************************
**  FUNCTION  CORRECT  **
*************************

$finish called from file "tb.sv", line 186.
$finish at simulation time            403206500
           V C S   S i m u l a t i o n   R e p o r t 
Time: 4032065000 ps
CPU Time:      2.300 seconds;       Data structure size:   0.0Mb
Tue Feb 25 22:10:43 2025
CPU time: .652 seconds to compile + .528 seconds to elab + .499 seconds to link + 2.363 seconds in simulation
