 
****************************************
Report : area
Design : SME
Version: P-2019.03
Date   : Mon Mar 13 17:39:56 2023
****************************************

Library(s) Used:

    slow (File: /disk2/pdk/CIC/Cell_Library/CBDK_IC_Contest_v2.1/SynopsysDC/db/slow.db)

Number of ports:                          631
Number of nets:                         10759
Number of cells:                         9033
Number of combinational cells:           8061
Number of sequential cells:               933
Number of macros/black boxes:               0
Number of buf/inv:                       1291
Number of references:                     147

Combinational area:              71284.010880
Buf/Inv area:                     7495.718277
Noncombinational area:           30059.255650
Macro/Black Box area:                0.000000
Net Interconnect area:         1369300.174744

Total cell area:                101343.266530
Total area:                    1470643.441274
1
