 
****************************************
Report : timing
        -path full
        -delay max
        -max_paths 1
Design : SME
Version: P-2019.03
Date   : Mon Mar 13 17:39:56 2023
****************************************

Operating Conditions: slow   Library: slow
Wire Load Model Mode: top

  Startpoint: str_len_reg[3]
              (rising edge-triggered flip-flop clocked by clk)
  Endpoint: mat_temp_idx_reg[31][6]
            (rising edge-triggered flip-flop clocked by clk)
  Path Group: clk
  Path Type: max

  Des/Clust/Port     Wire Load Model       Library
  ------------------------------------------------
  SME                tsmc13_wl10           slow

  Point                                    Incr       Path
  -----------------------------------------------------------
  clock clk (rise edge)                    0.00       0.00
  clock network delay (ideal)              0.50       0.50
  str_len_reg[3]/CK (DFFRX1)               0.00       0.50 r
  str_len_reg[3]/Q (DFFRX1)                1.04       1.54 r
  U3523/Y (CLKBUFX3)                       0.76       2.30 r
  U11193/Y (OR4X1)                         0.36       2.67 r
  U3572/Y (NAND2X2)                        0.15       2.81 f
  U4168/Y (CLKINVX1)                       0.26       3.07 r
  U3509/Y (NAND2X1)                        0.36       3.43 f
  U4644/Y (NOR2X1)                         0.70       4.13 r
  U3507/Y (NAND2X1)                        0.48       4.62 f
  U4640/Y (NOR2X1)                         0.71       5.33 r
  U3508/Y (NAND2X1)                        0.50       5.83 f
  U3491/Y (NOR2X2)                         0.44       6.27 r
  U3504/Y (NAND2X1)                        0.40       6.67 f
  U4638/Y (NOR2BX1)                        0.71       7.38 r
  U3492/Y (NAND2X1)                        0.55       7.93 f
  U4643/Y (NOR2X1)                         0.59       8.52 r
  U3505/Y (NAND2X1)                        0.45       8.97 f
  U4642/Y (NOR2BX1)                        0.71       9.68 r
  U3506/Y (NAND2X1)                        0.48      10.16 f
  U4163/Y (NOR2X1)                         0.71      10.88 r
  U3503/Y (NAND2X1)                        0.49      11.36 f
  U4639/Y (NOR2BX1)                        0.72      12.08 r
  U3510/Y (NAND2X1)                        0.56      12.64 f
  U3516/Y (NOR2BX1)                        0.32      12.96 r
  U3529/Y (NAND2X1)                        0.47      13.43 f
  U3496/Y (NOR2BX4)                        0.17      13.60 r
  U3520/Y (NAND2X1)                        0.37      13.97 f
  U3499/Y (NOR2BX4)                        0.30      14.27 r
  U3561/Y (NAND2X4)                        0.17      14.43 f
  U4641/Y (NOR2BX1)                        0.63      15.07 r
  U3521/Y (NAND2X1)                        0.60      15.67 f
  U3489/Y (NOR2BX4)                        0.20      15.87 r
  U3501/Y (NAND2X4)                        0.18      16.04 f
  U3490/Y (NOR2BX4)                        0.14      16.19 r
  U3557/Y (NAND2X4)                        0.13      16.32 f
  U3502/Y (NOR2BX1)                        0.37      16.69 r
  U3877/Y (CLKINVX1)                       0.29      16.98 f
  U4646/Y (OAI22XL)                        0.55      17.53 r
  U3571/Y (OAI31X1)                        0.26      17.79 f
  U3569/Y (OAI211X2)                       0.50      18.29 r
  U4162/Y (NAND2X1)                        0.23      18.51 f
  U3497/Y (BUFX2)                          0.50      19.02 f
  U3512/Y (NOR2BX1)                        0.58      19.59 r
  U6321/Y (NAND2X1)                        0.20      19.80 f
  U6320/Y (OAI221XL)                       0.29      20.09 r
  mat_temp_idx_reg[31][6]/D (DFFRX1)       0.00      20.09 r
  data arrival time                                  20.09

  clock clk (rise edge)                   20.00      20.00
  clock network delay (ideal)              0.50      20.50
  clock uncertainty                       -0.10      20.40
  mat_temp_idx_reg[31][6]/CK (DFFRX1)      0.00      20.40 r
  library setup time                      -0.30      20.10
  data required time                                 20.10
  -----------------------------------------------------------
  data required time                                 20.10
  data arrival time                                 -20.09
  -----------------------------------------------------------
  slack (MET)                                         0.01


1
